[INFO] Scanning for projects...
[INFO] 
[INFO] --------------------------< com.finance:api >---------------------------
[INFO] Building api 0.0.1-SNAPSHOT
[INFO]   from pom.xml
[INFO] --------------------------------[ jar ]---------------------------------
[INFO] 
[INFO] --- clean:3.5.0:clean (default-clean) @ api ---
[INFO] Deleting C:\Users\lucas.gomes\Desktop\grana\backend\target
[INFO] 
[INFO] --- resources:3.3.1:resources (default-resources) @ api ---
[INFO] Copying 1 resource from src\main\resources to target\classes
[INFO] Copying 0 resource from src\main\resources to target\classes
[INFO] 
[INFO] --- compiler:3.14.1:compile (default-compile) @ api ---
[INFO] Recompiling the module because of changed source code.
[INFO] Compiling 18 source files with javac [debug parameters release 21] to target\classes
[INFO] /C:/Users/lucas.gomes/Desktop/grana/backend/src/main/java/com/finance/config/CorsConfig.java: C:\Users\lucas.gomes\Desktop\grana\backend\src\main\java\com\finance\config\CorsConfig.java uses or overrides a deprecated API.
[INFO] /C:/Users/lucas.gomes/Desktop/grana/backend/src/main/java/com/finance/config/CorsConfig.java: Recompile with -Xlint:deprecation for details.
[INFO] -------------------------------------------------------------
[ERROR] COMPILATION ERROR : 
[INFO] -------------------------------------------------------------
[ERROR] /C:/Users/lucas.gomes/Desktop/grana/backend/src/main/java/com/finance/infrastructure/ai/GeminiService.java:[9,38] package com.fasterxml.jackson.databind does not exist
[ERROR] /C:/Users/lucas.gomes/Desktop/grana/backend/src/main/java/com/finance/infrastructure/ai/GeminiService.java:[10,38] package com.fasterxml.jackson.databind does not exist
[ERROR] /C:/Users/lucas.gomes/Desktop/grana/backend/src/main/java/com/finance/infrastructure/ai/GeminiService.java:[35,19] cannot find symbol
  symbol:   class ObjectMapper
  location: class com.finance.infrastructure.ai.GeminiService
[ERROR] /C:/Users/lucas.gomes/Desktop/grana/backend/src/main/java/com/finance/web/controller/TransactionController.java:[8,38] package com.fasterxml.jackson.databind does not exist
[ERROR] /C:/Users/lucas.gomes/Desktop/grana/backend/src/main/java/com/finance/web/controller/TransactionController.java:[28,19] cannot find symbol
  symbol:   class ObjectMapper
  location: class com.finance.web.controller.TransactionController
[ERROR] /C:/Users/lucas.gomes/Desktop/grana/backend/src/main/java/com/finance/web/controller/TransactionController.java:[35,34] cannot find symbol
  symbol:   class ObjectMapper
  location: class com.finance.web.controller.TransactionController
[ERROR] /C:/Users/lucas.gomes/Desktop/grana/backend/src/main/java/com/finance/infrastructure/ai/GeminiService.java:[39,33] cannot find symbol
  symbol:   class ObjectMapper
  location: class com.finance.infrastructure.ai.GeminiService
[ERROR] /C:/Users/lucas.gomes/Desktop/grana/backend/src/main/java/com/finance/infrastructure/ai/GeminiService.java:[58,13] cannot find symbol
  symbol:   class JsonNode
  location: class com.finance.infrastructure.ai.GeminiService
[INFO] 8 errors 
[INFO] -------------------------------------------------------------
[INFO] ------------------------------------------------------------------------
[INFO] BUILD FAILURE
[INFO] ------------------------------------------------------------------------
[INFO] Total time:  3.746 s
[INFO] Finished at: 2026-03-19T17:00:05-03:00
[INFO] ------------------------------------------------------------------------
[ERROR] Failed to execute goal org.apache.maven.plugins:maven-compiler-plugin:3.14.1:compile (default-compile) on project api: Compilation failure: Compilation failure: 
[ERROR] /C:/Users/lucas.gomes/Desktop/grana/backend/src/main/java/com/finance/infrastructure/ai/GeminiService.java:[9,38] package com.fasterxml.jackson.databind does not exist
[ERROR] /C:/Users/lucas.gomes/Desktop/grana/backend/src/main/java/com/finance/infrastructure/ai/GeminiService.java:[10,38] package com.fasterxml.jackson.databind does not exist
[ERROR] /C:/Users/lucas.gomes/Desktop/grana/backend/src/main/java/com/finance/infrastructure/ai/GeminiService.java:[35,19] cannot find symbol
[ERROR]   symbol:   class ObjectMapper
[ERROR]   location: class com.finance.infrastructure.ai.GeminiService
[ERROR] /C:/Users/lucas.gomes/Desktop/grana/backend/src/main/java/com/finance/web/controller/TransactionController.java:[8,38] package com.fasterxml.jackson.databind does not exist
[ERROR] /C:/Users/lucas.gomes/Desktop/grana/backend/src/main/java/com/finance/web/controller/TransactionController.java:[28,19] cannot find symbol
[ERROR]   symbol:   class ObjectMapper
[ERROR]   location: class com.finance.web.controller.TransactionController
[ERROR] /C:/Users/lucas.gomes/Desktop/grana/backend/src/main/java/com/finance/web/controller/TransactionController.java:[35,34] cannot find symbol
[ERROR]   symbol:   class ObjectMapper
[ERROR]   location: class com.finance.web.controller.TransactionController
[ERROR] /C:/Users/lucas.gomes/Desktop/grana/backend/src/main/java/com/finance/infrastructure/ai/GeminiService.java:[39,33] cannot find symbol
[ERROR]   symbol:   class ObjectMapper
[ERROR]   location: class com.finance.infrastructure.ai.GeminiService
[ERROR] /C:/Users/lucas.gomes/Desktop/grana/backend/src/main/java/com/finance/infrastructure/ai/GeminiService.java:[58,13] cannot find symbol
[ERROR]   symbol:   class JsonNode
[ERROR]   location: class com.finance.infrastructure.ai.GeminiService
[ERROR] -> [Help 1]
[ERROR] 
[ERROR] To see the full stack trace of the errors, re-run Maven with the -e switch.
[ERROR] Re-run Maven using the -X switch to enable full debug logging.
[ERROR] 
[ERROR] For more information about the errors and possible solutions, please read the following articles:
[ERROR] [Help 1] http://cwiki.apache.org/confluence/display/MAVEN/MojoFailureException
